0 verbose cli D:\Program Files\nodejs\node.exe D:\Program Files\nodejs\node_global\node_modules\npm\bin\npm-cli.js
0 verbose cli D:\Program Files\nodejs\node.exe D:\Program Files\nodejs\node_global\node_modules\npm\bin\npm-cli.js
1 info using npm@11.7.0
1 info using npm@11.7.0
2 info using node@v22.21.1
2 info using node@v22.21.1
3 silly config load:file:D:\Program Files\nodejs\node_global\node_modules\npm\npmrc
4 silly config load:file:C:\Users\20421\.npmrc
3 silly config load:file:D:\Program Files\nodejs\node_global\node_modules\npm\npmrc
5 silly config load:file:D:\Program Files\nodejs\node_global\etc\npmrc
4 silly config load:file:C:\Users\20421\.npmrc
6 verbose title npm config get prefix
5 silly config load:file:D:\Program Files\nodejs\node_global\etc\npmrc
7 verbose argv "config" "get" "prefix"
6 verbose title npm config get prefix
7 verbose argv "config" "get" "prefix"
8 verbose logfile logs-max:10 dir:d:\pbl6\pbl6\node_cache\_logs\2026-04-14T08_50_59_362Z-
8 verbose logfile logs-max:10 dir:d:\pbl6\pbl6\node_cache\_logs\2026-04-14T08_50_59_362Z-
9 verbose logfile d:\pbl6\pbl6\node_cache\_logs\2026-04-14T08_50_59_362Z-debug-0.log
9 verbose logfile d:\pbl6\pbl6\node_cache\_logs\2026-04-14T08_50_59_362Z-debug-0.log
10 silly logfile start cleaning logs, removing 1 files
10 silly logfile start cleaning logs, removing 1 files
11 verbose cwd C:\Users\20421
11 verbose cwd C:\Users\20421
12 verbose os Windows_NT 10.0.26200
13 verbose node v22.21.1
14 verbose npm  v11.7.0
12 verbose os Windows_NT 10.0.26200
15 verbose exit 0
13 verbose node v22.21.1
16 info ok
14 verbose npm  v11.7.0
15 verbose exit 0
16 info ok
