0 verbose cli D:\Program Files\nodejs\node.exe D:\Program Files\nodejs\node_global\node_modules\npm\bin\npm-cli.js
1 info using npm@11.7.0
2 info using node@v22.21.1
3 silly config load:file:D:\Program Files\nodejs\node_global\node_modules\npm\npmrc
4 silly config load:file:C:\Users\20421\AppData\Local\Microsoft\TypeScript\5.9\.npmrc
5 silly config load:file:C:\Users\20421\.npmrc
6 silly config load:file:D:\Program Files\nodejs\node_global\etc\npmrc
7 verbose title npm install types-registry@latest
8 verbose argv "install" "--ignore-scripts" "types-registry@latest"
9 verbose logfile logs-max:10 dir:d:\pbl6\pbl6\node_cache\_logs\2026-04-14T09_12_49_169Z-
10 verbose logfile d:\pbl6\pbl6\node_cache\_logs\2026-04-14T09_12_49_169Z-debug-0.log
11 silly logfile start cleaning logs, removing 1 files
12 silly packumentCache heap:4345298944 maxSize:1086324736 maxEntrySize:543162368
13 silly logfile done cleaning log files
14 silly packumentCache corgi:https://registry.npmmirror.com/types-registry cache-miss
15 http fetch GET 200 https://registry.npmmirror.com/types-registry 112ms (cache revalidated)
16 silly packumentCache corgi:https://registry.npmmirror.com/types-registry set size:458285 disposed:false
17 silly idealTree buildDeps
18 silly fetch manifest types-registry@0.1.765
19 silly packumentCache full:https://registry.npmmirror.com/types-registry cache-miss
20 http fetch GET 200 https://registry.npmmirror.com/types-registry 31ms (cache revalidated)
21 silly packumentCache full:https://registry.npmmirror.com/types-registry set size:1238697 disposed:false
22 silly placeDep ROOT types-registry@0.1.765 REPLACE for:  want: 0.1.765
23 silly reify moves {}
24 silly audit bulk request {
24 silly audit   '@types/body-parser': [ '1.19.6' ],
24 silly audit   '@types/connect': [ '3.4.38' ],
24 silly audit   '@types/cookie-signature': [ '1.1.2' ],
24 silly audit   '@types/debug': [ '4.1.13' ],
24 silly audit   '@types/depd': [ '1.1.37' ],
24 silly audit   '@types/ejs': [ '3.1.5' ],
24 silly audit   '@types/express': [ '5.0.6' ],
24 silly audit   '@types/express-serve-static-core': [ '5.1.1' ],
24 silly audit   '@types/express-session': [ '1.18.2' ],
24 silly audit   '@types/http-errors': [ '2.0.5' ],
24 silly audit   '@types/merge-descriptors': [ '1.0.3' ],
24 silly audit   '@types/ms': [ '2.1.0' ],
24 silly audit   '@types/multer': [ '2.1.0' ],
24 silly audit   '@types/node': [ '25.6.0' ],
24 silly audit   '@types/on-headers': [ '1.0.4' ],
24 silly audit   '@types/parseurl': [ '1.3.3' ],
24 silly audit   '@types/qs': [ '6.15.0' ],
24 silly audit   '@types/random-bytes': [ '1.0.3' ],
24 silly audit   '@types/range-parser': [ '1.2.7' ],
24 silly audit   '@types/react': [ '19.2.14' ],
24 silly audit   '@types/send': [ '1.2.1' ],
24 silly audit   '@types/serve-static': [ '2.2.0' ],
24 silly audit   '@types/uid-safe': [ '2.1.5' ],
24 silly audit   csstype: [ '3.2.3' ],
24 silly audit   'undici-types': [ '7.19.2' ],
24 silly audit   'types-registry': [ '0.1.765' ]
24 silly audit }
25 http fetch POST 404 https://registry.npmmirror.com/-/npm/v1/security/advisories/bulk 19ms
26 verbose audit error HttpErrorGeneral: 404 Not Found - POST https://registry.npmmirror.com/-/npm/v1/security/advisories/bulk - [NOT_IMPLEMENTED] /-/npm/v1/security/* not implemented yet
26 verbose audit error     at D:\Program Files\nodejs\node_global\node_modules\npm\node_modules\npm-registry-fetch\lib\check-response.js:103:15
26 verbose audit error     at process.processTicksAndRejections (node:internal/process/task_queues:105:5)
26 verbose audit error     at async #getReport (D:\Program Files\nodejs\node_global\node_modules\npm\node_modules\@npmcli\arborist\lib\audit-report.js:275:19)
26 verbose audit error     at async AuditReport.run (D:\Program Files\nodejs\node_global\node_modules\npm\node_modules\@npmcli\arborist\lib\audit-report.js:100:19) {
26 verbose audit error   headers: [Object: null prototype] {
26 verbose audit error     server: [ 'Tengine' ],
26 verbose audit error     date: [ 'Tue, 14 Apr 2026 09:12:49 GMT' ],
26 verbose audit error     'content-type': [ 'application/json' ],
26 verbose audit error     'transfer-encoding': [ 'chunked' ],
26 verbose audit error     connection: [ 'keep-alive' ],
26 verbose audit error     'strict-transport-security': [ 'max-age=5184000' ],
26 verbose audit error     via: [ 'kunlun16.cn9149[,404666]' ],
26 verbose audit error     'timing-allow-origin': [ '*' ],
26 verbose audit error     eagleid: [ '77544b2417761579699712760e' ],
26 verbose audit error     'x-fetch-attempts': [ '1' ]
26 verbose audit error   },
26 verbose audit error   statusCode: 404,
26 verbose audit error   code: 'E404',
26 verbose audit error   method: 'POST',
26 verbose audit error   uri: 'https://registry.npmmirror.com/-/npm/v1/security/advisories/bulk',
26 verbose audit error   body: {
26 verbose audit error     error: '[NOT_IMPLEMENTED] /-/npm/v1/security/* not implemented yet'
26 verbose audit error   },
26 verbose audit error   pkgid: undefined
26 verbose audit error }
27 silly audit error [object Object]
28 silly audit report null
29 verbose cwd C:\Users\20421\AppData\Local\Microsoft\TypeScript\5.9
30 verbose os Windows_NT 10.0.26200
31 verbose node v22.21.1
32 verbose npm  v11.7.0
33 verbose exit 0
34 info ok
